RuneTea editor   arrows Home End PgUp PgDn   Ctrl+<-/-> word   Tab indent   Ctrl+I help   Ctrl+C quit
--------------------------------------------------------------------------
  1 |
   ~
   ~
   ~
   ~
   ~
   ~
   ~
   ~
   ~
--------------------------------------------------------------------------
Ln 1, Col 1   1 lines   window 1-1   kitty:off   last:-
[1A[2K[1A[2K[1A[2K[1A[2K[1A[2K[1A[2K[1A[2K[1A[2K[1A[2K[1A[2K[1A[2K[1A[2K[1A[2K[1A[2KRuneTea editor   arrows Home End PgUp PgDn   Ctrl+<-/-> word   Tab indent   Ctrl+I help   Ctrl+C quit
--------------------------------------------------------------------------
  1 h|
   ~
   ~
   ~
   ~
   ~
   ~
   ~
   ~
   ~
--------------------------------------------------------------------------
Ln 1, Col 2   1 lines   window 1-1   kitty:off   last:insert
[1A[2K[1A[2K[1A[2K[1A[2K[1A[2K[1A[2K[1A[2K[1A[2K[1A[2K[1A[2K[1A[2K[1A[2K[1A[2K[1A[2KRuneTea editor   arrows Home End PgUp PgDn   Ctrl+<-/-> word   Tab indent   Ctrl+I help   Ctrl+C quit
--------------------------------------------------------------------------
  1 he|
   ~
   ~
   ~
   ~
   ~
   ~
   ~
   ~
   ~
--------------------------------------------------------------------------
Ln 1, Col 3   1 lines   window 1-1   kitty:off   last:insert
[1A[2K[1A[2K[1A[2K[1A[2K[1A[2K[1A[2K[1A[2K[1A[2K[1A[2K[1A[2K[1A[2K[1A[2K[1A[2K[1A[2KRuneTea editor   arrows Home End PgUp PgDn   Ctrl+<-/-> word   Tab indent   Ctrl+I help   Ctrl+C quit
--------------------------------------------------------------------------
  1 hel|
   ~
   ~
   ~
   ~
   ~
   ~
   ~
   ~
   ~
--------------------------------------------------------------------------
Ln 1, Col 4   1 lines   window 1-1   kitty:off   last:insert
[1A[2K[1A[2K[1A[2K[1A[2K[1A[2K[1A[2K[1A[2K[1A[2K[1A[2K[1A[2K[1A[2K[1A[2K[1A[2K[1A[2KRuneTea editor   arrows Home End PgUp PgDn   Ctrl+<-/-> word   Tab indent   Ctrl+I help   Ctrl+C quit
--------------------------------------------------------------------------
  1 hell|
   ~
   ~
   ~
   ~
   ~
   ~
   ~
   ~
   ~
--------------------------------------------------------------------------
Ln 1, Col 5   1 lines   window 1-1   kitty:off   last:insert
[1A[2K[1A[2K[1A[2K[1A[2K[1A[2K[1A[2K[1A[2K[1A[2K[1A[2K[1A[2K[1A[2K[1A[2K[1A[2K[1A[2KRuneTea editor   arrows Home End PgUp PgDn   Ctrl+<-/-> word   Tab indent   Ctrl+I help   Ctrl+C quit
--------------------------------------------------------------------------
  1 hello|
   ~
   ~
   ~
   ~
   ~
   ~
   ~
   ~
   ~
--------------------------------------------------------------------------
Ln 1, Col 6   1 lines   window 1-1   kitty:off   last:insert
[1A[2K[1A[2K[1A[2K[1A[2K[1A[2K[1A[2K[1A[2K[1A[2K[1A[2K[1A[2K[1A[2K[1A[2K[1A[2K[1A[2KRuneTea editor   arrows Home End PgUp PgDn   Ctrl+<-/-> word   Tab indent   Ctrl+I help   Ctrl+C quit
--------------------------------------------------------------------------
  1 hello |
   ~
   ~
   ~
   ~
   ~
   ~
   ~
   ~
   ~
--------------------------------------------------------------------------
Ln 1, Col 7   1 lines   window 1-1   kitty:off   last:insert
[1A[2K[1A[2K[1A[2K[1A[2K[1A[2K[1A[2K[1A[2K[1A[2K[1A[2K[1A[2K[1A[2K[1A[2K[1A[2K[1A[2KRuneTea editor   arrows Home End PgUp PgDn   Ctrl+<-/-> word   Tab indent   Ctrl+I help   Ctrl+C quit
--------------------------------------------------------------------------
  1 hello w|
   ~
   ~
   ~
   ~
   ~
   ~
   ~
   ~
   ~
--------------------------------------------------------------------------
Ln 1, Col 8   1 lines   window 1-1   kitty:off   last:insert
[1A[2K[1A[2K[1A[2K[1A[2K[1A[2K[1A[2K[1A[2K[1A[2K[1A[2K[1A[2K[1A[2K[1A[2K[1A[2K[1A[2KRuneTea editor   arrows Home End PgUp PgDn   Ctrl+<-/-> word   Tab indent   Ctrl+I help   Ctrl+C quit
--------------------------------------------------------------------------
  1 hello wo|
   ~
   ~
   ~
   ~
   ~
   ~
   ~
   ~
   ~
--------------------------------------------------------------------------
Ln 1, Col 9   1 lines   window 1-1   kitty:off   last:insert
[1A[2K[1A[2K[1A[2K[1A[2K[1A[2K[1A[2K[1A[2K[1A[2K[1A[2K[1A[2K[1A[2K[1A[2K[1A[2K[1A[2KRuneTea editor   arrows Home End PgUp PgDn   Ctrl+<-/-> word   Tab indent   Ctrl+I help   Ctrl+C quit
--------------------------------------------------------------------------
  1 hello wor|
   ~
   ~
   ~
   ~
   ~
   ~
   ~
   ~
   ~
--------------------------------------------------------------------------
Ln 1, Col 10   1 lines   window 1-1   kitty:off   last:insert
[1A[2K[1A[2K[1A[2K[1A[2K[1A[2K[1A[2K[1A[2K[1A[2K[1A[2K[1A[2K[1A[2K[1A[2K[1A[2K[1A[2KRuneTea editor   arrows Home End PgUp PgDn   Ctrl+<-/-> word   Tab indent   Ctrl+I help   Ctrl+C quit
--------------------------------------------------------------------------
  1 hello worl|
   ~
   ~
   ~
   ~
   ~
   ~
   ~
   ~
   ~
--------------------------------------------------------------------------
Ln 1, Col 11   1 lines   window 1-1   kitty:off   last:insert
[1A[2K[1A[2K[1A[2K[1A[2K[1A[2K[1A[2K[1A[2K[1A[2K[1A[2K[1A[2K[1A[2K[1A[2K[1A[2K[1A[2KRuneTea editor   arrows Home End PgUp PgDn   Ctrl+<-/-> word   Tab indent   Ctrl+I help   Ctrl+C quit
--------------------------------------------------------------------------
  1 hello world|
   ~
   ~
   ~
   ~
   ~
   ~
   ~
   ~
   ~
--------------------------------------------------------------------------
Ln 1, Col 12   1 lines   window 1-1   kitty:off   last:insert
[1A[2K[1A[2K[1A[2K[1A[2K[1A[2K[1A[2K[1A[2K[1A[2K[1A[2K[1A[2K[1A[2K[1A[2K[1A[2K[1A[2KRuneTea editor   arrows Home End PgUp PgDn   Ctrl+<-/-> word   Tab indent   Ctrl+I help   Ctrl+C quit
--------------------------------------------------------------------------
  1 |hello world
   ~
   ~
   ~
   ~
   ~
   ~
   ~
   ~
   ~
--------------------------------------------------------------------------
Ln 1, Col 1   1 lines   window 1-1   kitty:off   last:home
[1A[2K[1A[2K[1A[2K[1A[2K[1A[2K[1A[2K[1A[2K[1A[2K[1A[2K[1A[2K[1A[2K[1A[2K[1A[2K[1A[2KRuneTea editor   arrows Home End PgUp PgDn   Ctrl+<-/-> word   Tab indent   Ctrl+I help   Ctrl+C quit
--------------------------------------------------------------------------
  1 hello| world
   ~
   ~
   ~
   ~
   ~
   ~
   ~
   ~
   ~
--------------------------------------------------------------------------
Ln 1, Col 6   1 lines   window 1-1   kitty:off   last:word-right
[1A[2K[1A[2K[1A[2K[1A[2K[1A[2K[1A[2K[1A[2K[1A[2K[1A[2K[1A[2K[1A[2K[1A[2K[1A[2K[1A[2KRuneTea editor   arrows Home End PgUp PgDn   Ctrl+<-/-> word   Tab indent   Ctrl+I help   Ctrl+C quit
--------------------------------------------------------------------------
  1 hello|world
   ~
   ~
   ~
   ~
   ~
   ~
   ~
   ~
   ~
--------------------------------------------------------------------------
Ln 1, Col 6   1 lines   window 1-1   kitty:off   last:delete
[1A[2K[1A[2K[1A[2K[1A[2K[1A[2K[1A[2K[1A[2K[1A[2K[1A[2K[1A[2K[1A[2K[1A[2K[1A[2K[1A[2KRuneTea editor   arrows Home End PgUp PgDn   Ctrl+<-/-> word   Tab indent   Ctrl+I help   Ctrl+C quit
--------------------------------------------------------------------------
  1 hello|orld
   ~
   ~
   ~
   ~
   ~
   ~
   ~
   ~
   ~
--------------------------------------------------------------------------
Ln 1, Col 6   1 lines   window 1-1   kitty:off   last:delete
[1A[2K[1A[2K[1A[2K[1A[2K[1A[2K[1A[2K[1A[2K[1A[2K[1A[2K[1A[2K[1A[2K[1A[2K[1A[2K[1A[2KRuneTea editor   arrows Home End PgUp PgDn   Ctrl+<-/-> word   Tab indent   Ctrl+I help   Ctrl+C quit
--------------------------------------------------------------------------
  1 helloorld|
   ~
   ~
   ~
   ~
   ~
   ~
   ~
   ~
   ~
--------------------------------------------------------------------------
Ln 1, Col 10   1 lines   window 1-1   kitty:off   last:end
[1A[2K[1A[2K[1A[2K[1A[2K[1A[2K[1A[2K[1A[2K[1A[2K[1A[2K[1A[2K[1A[2K[1A[2K[1A[2K[1A[2KRuneTea editor   arrows Home End PgUp PgDn   Ctrl+<-/-> word   Tab indent   Ctrl+I help   Ctrl+C quit
--------------------------------------------------------------------------
  1 helloorl|
   ~
   ~
   ~
   ~
   ~
   ~
   ~
   ~
   ~
--------------------------------------------------------------------------
Ln 1, Col 9   1 lines   window 1-1   kitty:off   last:backspace
[1A[2K[1A[2K[1A[2K[1A[2K[1A[2K[1A[2K[1A[2K[1A[2K[1A[2K[1A[2K[1A[2K[1A[2K[1A[2K[1A[2KRuneTea editor   arrows Home End PgUp PgDn   Ctrl+<-/-> word   Tab indent   Ctrl+I help   Ctrl+C quit
--------------------------------------------------------------------------
  1 helloorl
  2 |
   ~
   ~
   ~
   ~
   ~
   ~
   ~
   ~
--------------------------------------------------------------------------
Ln 2, Col 1   2 lines   window 1-2   kitty:off   last:newline
[1A[2K[1A[2K[1A[2K[1A[2K[1A[2K[1A[2K[1A[2K[1A[2K[1A[2K[1A[2K[1A[2K[1A[2K[1A[2K[1A[2KRuneTea editor   arrows Home End PgUp PgDn   Ctrl+<-/-> word   Tab indent   Ctrl+I help   Ctrl+C quit
--------------------------------------------------------------------------
  1 helloorl
  2     |
   ~
   ~
   ~
   ~
   ~
   ~
   ~
   ~
--------------------------------------------------------------------------
Ln 2, Col 5   2 lines   window 1-2   kitty:off   last:indent
[1A[2K[1A[2K[1A[2K[1A[2K[1A[2K[1A[2K[1A[2K[1A[2K[1A[2K[1A[2K[1A[2K[1A[2K[1A[2K[1A[2KRuneTea editor   arrows Home End PgUp PgDn   Ctrl+<-/-> word   Tab indent   Ctrl+I help   Ctrl+C quit
--------------------------------------------------------------------------
  1 helloorl
  2     s|
   ~
   ~
   ~
   ~
   ~
   ~
   ~
   ~
--------------------------------------------------------------------------
Ln 2, Col 6   2 lines   window 1-2   kitty:off   last:insert
[1A[2K[1A[2K[1A[2K[1A[2K[1A[2K[1A[2K[1A[2K[1A[2K[1A[2K[1A[2K[1A[2K[1A[2K[1A[2K[1A[2KRuneTea editor   arrows Home End PgUp PgDn   Ctrl+<-/-> word   Tab indent   Ctrl+I help   Ctrl+C quit
--------------------------------------------------------------------------
  1 helloorl
  2     se|
   ~
   ~
   ~
   ~
   ~
   ~
   ~
   ~
--------------------------------------------------------------------------
Ln 2, Col 7   2 lines   window 1-2   kitty:off   last:insert
[1A[2K[1A[2K[1A[2K[1A[2K[1A[2K[1A[2K[1A[2K[1A[2K[1A[2K[1A[2K[1A[2K[1A[2K[1A[2K[1A[2KRuneTea editor   arrows Home End PgUp PgDn   Ctrl+<-/-> word   Tab indent   Ctrl+I help   Ctrl+C quit
--------------------------------------------------------------------------
  1 helloorl
  2     sec|
   ~
   ~
   ~
   ~
   ~
   ~
   ~
   ~
--------------------------------------------------------------------------
Ln 2, Col 8   2 lines   window 1-2   kitty:off   last:insert
[1A[2K[1A[2K[1A[2K[1A[2K[1A[2K[1A[2K[1A[2K[1A[2K[1A[2K[1A[2K[1A[2K[1A[2K[1A[2K[1A[2KRuneTea editor   arrows Home End PgUp PgDn   Ctrl+<-/-> word   Tab indent   Ctrl+I help   Ctrl+C quit
--------------------------------------------------------------------------
  1 helloorl
  2     seco|
   ~
   ~
   ~
   ~
   ~
   ~
   ~
   ~
--------------------------------------------------------------------------
Ln 2, Col 9   2 lines   window 1-2   kitty:off   last:insert
[1A[2K[1A[2K[1A[2K[1A[2K[1A[2K[1A[2K[1A[2K[1A[2K[1A[2K[1A[2K[1A[2K[1A[2K[1A[2K[1A[2KRuneTea editor   arrows Home End PgUp PgDn   Ctrl+<-/-> word   Tab indent   Ctrl+I help   Ctrl+C quit
--------------------------------------------------------------------------
  1 helloorl
  2     secon|
   ~
   ~
   ~
   ~
   ~
   ~
   ~
   ~
--------------------------------------------------------------------------
Ln 2, Col 10   2 lines   window 1-2   kitty:off   last:insert
[1A[2K[1A[2K[1A[2K[1A[2K[1A[2K[1A[2K[1A[2K[1A[2K[1A[2K[1A[2K[1A[2K[1A[2K[1A[2K[1A[2KRuneTea editor   arrows Home End PgUp PgDn   Ctrl+<-/-> word   Tab indent   Ctrl+I help   Ctrl+C quit
--------------------------------------------------------------------------
  1 helloorl
  2     second|
   ~
   ~
   ~
   ~
   ~
   ~
   ~
   ~
--------------------------------------------------------------------------
Ln 2, Col 11   2 lines   window 1-2   kitty:off   last:insert
[1A[2K[1A[2K[1A[2K[1A[2K[1A[2K[1A[2K[1A[2K[1A[2K[1A[2K[1A[2K[1A[2K[1A[2K[1A[2K[1A[2KRuneTea editor   arrows Home End PgUp PgDn   Ctrl+<-/-> word   Tab indent   Ctrl+I help   Ctrl+C quit
--------------------------------------------------------------------------
  1 helloorl
  2     second|
   ~
   ~
   ~
   ~
   ~
   ~
   ~
   ~
--------------------------------------------------------------------------
Ln 2, Col 11   2 lines   window 1-2   kitty:off   last:paste   [PASTING]
[1A[2K[1A[2K[1A[2K[1A[2K[1A[2K[1A[2K[1A[2K[1A[2K[1A[2K[1A[2K[1A[2K[1A[2K[1A[2K[1A[2KRuneTea editor   arrows Home End PgUp PgDn   Ctrl+<-/-> word   Tab indent   Ctrl+I help   Ctrl+C quit
--------------------------------------------------------------------------
  1 helloorl
  2     secondx|
   ~
   ~
   ~
   ~
   ~
   ~
   ~
   ~
--------------------------------------------------------------------------
Ln 2, Col 12   2 lines   window 1-2   kitty:off   last:paste   [PASTING]
[1A[2K[1A[2K[1A[2K[1A[2K[1A[2K[1A[2K[1A[2K[1A[2K[1A[2K[1A[2K[1A[2K[1A[2K[1A[2K[1A[2KRuneTea editor   arrows Home End PgUp PgDn   Ctrl+<-/-> word   Tab indent   Ctrl+I help   Ctrl+C quit
--------------------------------------------------------------------------
  1 helloorl
  2     secondx
  3 |
   ~
   ~
   ~
   ~
   ~
   ~
   ~
--------------------------------------------------------------------------
Ln 3, Col 1   3 lines   window 1-3   kitty:off   last:paste   [PASTING]
[1A[2K[1A[2K[1A[2K[1A[2K[1A[2K[1A[2K[1A[2K[1A[2K[1A[2K[1A[2K[1A[2K[1A[2K[1A[2K[1A[2KRuneTea editor   arrows Home End PgUp PgDn   Ctrl+<-/-> word   Tab indent   Ctrl+I help   Ctrl+C quit
--------------------------------------------------------------------------
  1 helloorl
  2     secondx
  3 y|
   ~
   ~
   ~
   ~
   ~
   ~
   ~
--------------------------------------------------------------------------
Ln 3, Col 2   3 lines   window 1-3   kitty:off   last:paste   [PASTING]
[1A[2K[1A[2K[1A[2K[1A[2K[1A[2K[1A[2K[1A[2K[1A[2K[1A[2K[1A[2K[1A[2K[1A[2K[1A[2K[1A[2KRuneTea editor   arrows Home End PgUp PgDn   Ctrl+<-/-> word   Tab indent   Ctrl+I help   Ctrl+C quit
--------------------------------------------------------------------------
  1 helloorl
  2     secondx
  3 y|
   ~
   ~
   ~
   ~
   ~
   ~
   ~
--------------------------------------------------------------------------
Ln 3, Col 2   3 lines   window 1-3   kitty:off   last:paste
[1A[2K[1A[2K[1A[2K[1A[2K[1A[2K[1A[2K[1A[2K[1A[2K[1A[2K[1A[2K[1A[2K[1A[2K[1A[2K[1A[2KRuneTea editor   arrows Home End PgUp PgDn   Ctrl+<-/-> word   Tab indent   Ctrl+I help   Ctrl+C quit
--------------------------------------------------------------------------
  1 helloorl
  2     secondx
  3 y|
   ~
   ~
   ~
   ~
   ~
   ~
   ~
--------------------------------------------------------------------------
Ln 3, Col 2   3 lines   window 1-3   kitty:off   last:page-down
[1A[2K[1A[2K[1A[2K[1A[2K[1A[2K[1A[2K[1A[2K[1A[2K[1A[2K[1A[2K[1A[2K[1A[2K[1A[2K[1A[2KRuneTea editor   arrows Home End PgUp PgDn   Ctrl+<-/-> word   Tab indent   Ctrl+I help   Ctrl+C quit
--------------------------------------------------------------------------
  1 h|elloorl
  2     secondx
  3 y
   ~
   ~
   ~
   ~
   ~
   ~
   ~
--------------------------------------------------------------------------
Ln 1, Col 2   3 lines   window 1-3   kitty:off   last:page-up
[1A[2K[1A[2K[1A[2K[1A[2K[1A[2K[1A[2K[1A[2K[1A[2K[1A[2K[1A[2K[1A[2K[1A[2K[1A[2K[1A[2KRuneTea editor   arrows Home End PgUp PgDn   Ctrl+<-/-> word   Tab indent   Ctrl+I help   Ctrl+C quit
--------------------------------------------------------------------------
  1 h|elloorl
  2     secondx
  3 y
   ~
   ~
   ~
   ~
   ~
   ~
   ~
--------------------------------------------------------------------------
Ln 1, Col 2   3 lines   window 1-3   kitty:off   last:help
--------------------------------------------------------------------------
Ctrl+I toggled this panel. Tab (CSI 9 u) and Ctrl+I (CSI 105;5 u) are
distinct keys ONLY because the Kitty disambiguation flag is pushed;
on the legacy encoding both are the byte 0x09 and this panel is dead code.
[1A[2K[1A[2K[1A[2K[1A[2K[1A[2K[1A[2K[1A[2K[1A[2K[1A[2K[1A[2K[1A[2K[1A[2K[1A[2K[1A[2K[1A[2K[1A[2K[1A[2K[1A[2KRuneTea editor   arrows Home End PgUp PgDn   Ctrl+<-/-> word   Tab indent   Ctrl+I help   Ctrl+C quit
--------------------------------------------------------------------------
  1 h|elloorl
  2     secondx
  3 y
   ~
   ~
   ~
   ~
   ~
   ~
   ~
--------------------------------------------------------------------------
Ln 1, Col 2   3 lines   window 1-3   kitty:off   last:help
--------------------------------------------------------------------------
Ctrl+I toggled this panel. Tab (CSI 9 u) and Ctrl+I (CSI 105;5 u) are
distinct keys ONLY because the Kitty disambiguation flag is pushed;
on the legacy encoding both are the byte 0x09 and this panel is dead code.
